2026-04-15 13:04:44,339 - src.pipeline - INFO - Using default pipeline configuration
[INFO] Verbose mode enabled
[*] Clustering .\data\Location_2307 into 3 clusters...
2026-04-15 13:04:44,339 - src.pipeline - INFO - Using default pipeline configuration
2026-04-15 13:04:44,339 - src.pipeline - INFO - Pipeline components initialized successfully
2026-04-15 13:04:44,339 - src.pipeline - INFO - Pipeline components initialized successfully
2026-04-15 13:04:44,339 - src.kmeans_clusterer - INFO - Found 5 WAV files in data\Location_2307
D:\dev\squad-nmf\src\preprocessor.py:122: UserWarning: n_mels=512 is too high for the given frequency range and n_fft=8192. Reducing n_mels to 204.
  warnings.warn(
D:\dev\squad-nmf\src\preprocessor.py:122: UserWarning: n_mels=512 is too high for the given frequency range and n_fft=8192. Reducing n_mels to 204.
  warnings.warn(
D:\dev\squad-nmf\src\preprocessor.py:122: UserWarning: n_mels=512 is too high for the given frequency range and n_fft=8192. Reducing n_mels to 204.
  warnings.warn(
D:\dev\squad-nmf\src\preprocessor.py:122: UserWarning: n_mels=512 is too high for the given frequency range and n_fft=8192. Reducing n_mels to 204.
  warnings.warn(
C:\Users\gorke\AppData\Local\Programs\Python\Python314\Lib\site-packages\sklearn\decomposition\_nmf.py:1720: ConvergenceWarning: Maximum number of iterations 500 reached. Increase it to improve convergence.
  warnings.warn(
D:\dev\squad-nmf\src\preprocessor.py:122: UserWarning: n_mels=512 is too high for the given frequency range and n_fft=8192. Reducing n_mels to 204.
  warnings.warn(
[ERROR] setting an array element with a sequence. The requested array has an inhomogeneous shape after 2 dimensions. The detected shape was (5, 3) + inhomogeneous part.
